[    0.0253] Program Path: C:\Games\Emulators\PCSX2\pcsx2-qt.exe
[    0.0253] AppRoot Directory: C:\Games\Emulators\PCSX2
[    0.0254] Resources Directory: C:\Games\Emulators\PCSX2\resources
[    0.0256] DataRoot Directory: C:\Games\Emulators\PCSX2
[    0.0258] Loading config from C:\Games\Emulators\PCSX2\inis\PCSX2.ini.
[    0.0323] Loading secrets from C:\Games\Emulators\PCSX2\inis\secrets.ini.
[    0.0325] BIOS Directory: C:\Games\Emulators\PCSX2\bios
[    0.0325] Snapshots Directory: C:\Games\Emulators\PCSX2\snaps
[    0.0326] Savestates Directory: C:\Games\Emulators\PCSX2\sstates
[    0.0331] MemoryCards Directory: C:\Games\Emulators\PCSX2\memcards
[    0.0331] Logs Directory: C:\Games\Emulators\PCSX2\logs
[    0.0331] Cheats Directory: C:\Games\Emulators\PCSX2\cheats
[    0.0331] Patches Directory: C:\Games\Emulators\PCSX2\patches
[    0.0331] Covers Directory: C:\Games\Emulators\PCSX2\covers
[    0.0331] Game Settings Directory: C:\Games\Emulators\PCSX2\gamesettings
[    0.0332] Resources Directory: C:\Games\Emulators\PCSX2\resources
[    0.0332] User Resources Directory: C:\Games\Emulators\PCSX2\resources
[    0.0332] Cache Directory: C:\Games\Emulators\PCSX2\cache
[    0.0332] Textures Directory: C:\Games\Emulators\PCSX2\textures
[    0.0332] Input Profile Directory: C:\Games\Emulators\PCSX2\inputprofiles
[    0.0332] Video Dumping Directory: C:\Games\Emulators\PCSX2\videos
[    0.0332] Debugger Layouts Directory: C:\Games\Emulators\PCSX2\inis\debuggerlayouts
[    0.0332] Debugger Settings Directory: C:\Games\Emulators\PCSX2\inis\debuggersettings
[    0.0371] Loaded translation file for language en-US
[    0.0399] PCSX2 v2.7.93
[    0.0399] Savestate version: 0x9a570000
[    0.0399] 
[    0.0400] 
[    0.0400] Host Machine Init:
[    0.0400]   Operating System = Microsoft Windows 10+
[    0.0400]   Available RAM    = 13126 MB (12.82 GB)
[    0.0400]   Physical RAM     = 28450 MB (27.78 GB)
[    0.0400] 
[    0.0400]   Processor        = AMD Ryzen 7 8745HS
[    0.0400]   Core Count       = 8 cores
[    0.0400]   Thread Count     = 16 threads
[    0.0400]   Cluster Count    = 1 clusters
[    0.0416]   Power Profile    = 'Balanced'
[    0.0417]   Power States (min/max)
[    0.0417]     AC             = 0% / 100%
[    0.0417]     Battery        = 5% / 100%
[    0.0417] 
[    0.0417] CPU Extensions Detected:
[    0.0417]   AVX AVX2 AVX512F
[    0.0417] 
[    0.0417] Graphics Adapters Detected:
[    0.0513]   GPU              = AMD Radeon 780M Graphics
[    0.0513]   Driver Version   = 32.0.23033.1002
[    0.0513] 
[    0.0519]   GPU              = Microsoft Basic Render Driver
[    0.0520]   Driver Version   = 10.0.26100.8521
[    0.0520] 
[    0.0520] Allocating host memory for virtual systems...
[    0.0521] Data Memory                      @ 0x00007FF690000000 -> 0x00007FF699F00000 [159mb]
[    0.0521] Code Memory                      @ 0x00007FF699F00000 -> 0x00007FF6AD000000 [305mb]
[    0.0521]   EE Main Memory                   @ 0x00007FF690000000 -> 0x00007FF698F00000 [143mb]
[    0.0521]   IOP Main Memory                  @ 0x00007FF698F00000 -> 0x00007FF699200000 [3mb]
[    0.0521]   VU0/1 On-Chip Memory             @ 0x00007FF699200000 -> 0x00007FF699300000 [1mb]
[    0.0521]   VTLB Virtual Map                 @ 0x00007FF699300000 -> 0x00007FF699B00000 [8mb]
[    0.0521]   VTLB Address Map                 @ 0x00007FF699B00000 -> 0x00007FF699F00000 [4mb]
[    0.0521]   R5900 Recompiler Cache           @ 0x00007FF699F00000 -> 0x00007FF69DF00000 [64mb]
[    0.0521]   R3000A Recompiler Cache          @ 0x00007FF69DF00000 -> 0x00007FF69FF00000 [32mb]
[    0.0521]   Micro VU0 Recompiler Cache       @ 0x00007FF6A0F00000 -> 0x00007FF6A4F00000 [64mb]
[    0.0521]   Micro VU0 Recompiler Cache       @ 0x00007FF6A4F00000 -> 0x00007FF6A8F00000 [64mb]
[    0.0521]   VIF0 Unpack Recompiler Cache     @ 0x00007FF69FF00000 -> 0x00007FF6A0700000 [8mb]
[    0.0521]   VIF1 Unpack Recompiler Cache     @ 0x00007FF6A0700000 -> 0x00007FF6A0F00000 [8mb]
[    0.0521]   VIF Unpack Recompiler Cache      @ 0x00007FF6A8F00000 -> 0x00007FF6A9000000 [1mb]
[    0.0522]   GS Software Renderer             @ 0x00007FF6A9000000 -> 0x00007FF6AD000000 [64mb]
[    0.0532] Fastmem area: 0000023923370000 - 0000023A2336FFFF
[    0.0538] Generating SSE-optimized unpacking functions for VIF interpreters...
[    0.0538] Unpack function generation complete.  Generated function statistics:
[    0.0538]   Reserved buffer    : 1048576 bytes @ 0x00007FF6A8F00000
[    0.0538]   x86 code generated : 7344 bytes
[    0.0538] 
[    0.0546] SDLInputSource: Using Controller DB from resources.
[    0.1339] SDLInputSource: 865 gamepad mappings are loaded.
[    0.1405] Surface refresh rate: 59.94006 hz
[    0.1809] Enumerated 1 devices
[    0.1841] Controller (Xbox One For Windows) has 16 buttons, 5 axes, 1 hats
[    0.1844] XInput controller 0 connected.
[    0.1848] XInput controller 0 disconnected.
