[    0.0392] Program Path: C:\Games\Emulators\PCSX2\pcsx2-qt.exe
[    0.0393] AppRoot Directory: C:\Games\Emulators\PCSX2
[    0.0393] Resources Directory: C:\Games\Emulators\PCSX2\resources
[    0.0395] DataRoot Directory: C:\Games\Emulators\PCSX2
[    0.0397] Loading config from C:\Games\Emulators\PCSX2\inis\PCSX2.ini.
[    0.0466] Loading secrets from C:\Games\Emulators\PCSX2\inis\secrets.ini.
[    0.0468] BIOS Directory: C:\Games\Emulators\PCSX2\bios
[    0.0468] Snapshots Directory: C:\Games\Emulators\PCSX2\snaps
[    0.0468] Savestates Directory: C:\Games\Emulators\PCSX2\sstates
[    0.0469] MemoryCards Directory: C:\Games\Emulators\PCSX2\memcards
[    0.0469] Logs Directory: C:\Games\Emulators\PCSX2\logs
[    0.0469] Cheats Directory: C:\Games\Emulators\PCSX2\cheats
[    0.0469] Patches Directory: C:\Games\Emulators\PCSX2\patches
[    0.0469] Covers Directory: C:\Games\Emulators\PCSX2\covers
[    0.0469] Game Settings Directory: C:\Games\Emulators\PCSX2\gamesettings
[    0.0469] Resources Directory: C:\Games\Emulators\PCSX2\resources
[    0.0470] User Resources Directory: C:\Games\Emulators\PCSX2\resources
[    0.0470] Cache Directory: C:\Games\Emulators\PCSX2\cache
[    0.0470] Textures Directory: C:\Games\Emulators\PCSX2\textures
[    0.0470] Input Profile Directory: C:\Games\Emulators\PCSX2\inputprofiles
[    0.0470] Video Dumping Directory: C:\Games\Emulators\PCSX2\videos
[    0.0470] Debugger Layouts Directory: C:\Games\Emulators\PCSX2\inis\debuggerlayouts
[    0.0470] Debugger Settings Directory: C:\Games\Emulators\PCSX2\inis\debuggersettings
[    0.0513] Loaded translation file for language en-US
[    0.0684] PCSX2 v2.7.93
[    0.0684] Savestate version: 0x9a570000
[    0.0684] 
[    0.0684] 
[    0.0684] Host Machine Init:
[    0.0685]   Operating System = Microsoft Windows 10+
[    0.0685]   Available RAM    = 12099 MB (11.82 GB)
[    0.0685]   Physical RAM     = 28450 MB (27.78 GB)
[    0.0685] 
[    0.0685]   Processor        = AMD Ryzen 7 8745HS
[    0.0685]   Core Count       = 8 cores
[    0.0685]   Thread Count     = 16 threads
[    0.0685]   Cluster Count    = 1 clusters
[    0.0698]   Power Profile    = 'Balanced'
[    0.0698]   Power States (min/max)
[    0.0698]     AC             = 0% / 100%
[    0.0698]     Battery        = 5% / 100%
[    0.0698] 
[    0.0698] CPU Extensions Detected:
[    0.0698]   AVX AVX2 AVX512F
[    0.0698] 
[    0.0698] Graphics Adapters Detected:
[    0.0783]   GPU              = AMD Radeon 780M Graphics
[    0.0783]   Driver Version   = 32.0.23033.1002
[    0.0783] 
[    0.0789]   GPU              = Microsoft Basic Render Driver
[    0.0789]   Driver Version   = 10.0.26100.8521
[    0.0789] 
[    0.0789] Allocating host memory for virtual systems...
[    0.0790] Data Memory                      @ 0x00007FF690000000 -> 0x00007FF699F00000 [159mb]
[    0.0790] Code Memory                      @ 0x00007FF699F00000 -> 0x00007FF6AD000000 [305mb]
[    0.0790]   EE Main Memory                   @ 0x00007FF690000000 -> 0x00007FF698F00000 [143mb]
[    0.0790]   IOP Main Memory                  @ 0x00007FF698F00000 -> 0x00007FF699200000 [3mb]
[    0.0790]   VU0/1 On-Chip Memory             @ 0x00007FF699200000 -> 0x00007FF699300000 [1mb]
[    0.0790]   VTLB Virtual Map                 @ 0x00007FF699300000 -> 0x00007FF699B00000 [8mb]
[    0.0791]   VTLB Address Map                 @ 0x00007FF699B00000 -> 0x00007FF699F00000 [4mb]
[    0.0791]   R5900 Recompiler Cache           @ 0x00007FF699F00000 -> 0x00007FF69DF00000 [64mb]
[    0.0791]   R3000A Recompiler Cache          @ 0x00007FF69DF00000 -> 0x00007FF69FF00000 [32mb]
[    0.0791]   Micro VU0 Recompiler Cache       @ 0x00007FF6A0F00000 -> 0x00007FF6A4F00000 [64mb]
[    0.0791]   Micro VU0 Recompiler Cache       @ 0x00007FF6A4F00000 -> 0x00007FF6A8F00000 [64mb]
[    0.0791]   VIF0 Unpack Recompiler Cache     @ 0x00007FF69FF00000 -> 0x00007FF6A0700000 [8mb]
[    0.0791]   VIF1 Unpack Recompiler Cache     @ 0x00007FF6A0700000 -> 0x00007FF6A0F00000 [8mb]
[    0.0791]   VIF Unpack Recompiler Cache      @ 0x00007FF6A8F00000 -> 0x00007FF6A9000000 [1mb]
[    0.0791]   GS Software Renderer             @ 0x00007FF6A9000000 -> 0x00007FF6AD000000 [64mb]
[    0.0800] Fastmem area: 0000029E6FB50000 - 0000029F6FB4FFFF
[    0.0806] Generating SSE-optimized unpacking functions for VIF interpreters...
[    0.0807] Unpack function generation complete.  Generated function statistics:
[    0.0807]   Reserved buffer    : 1048576 bytes @ 0x00007FF6A8F00000
[    0.0807]   x86 code generated : 7344 bytes
[    0.0807] 
[    0.0815] SDLInputSource: Using Controller DB from resources.
[    0.1675] SDLInputSource: 865 gamepad mappings are loaded.
[    0.3787] Surface refresh rate: 59.94006 hz
[    0.4170] Enumerated 1 devices
[    0.4199] Controller (Xbox One For Windows) has 16 buttons, 5 axes, 1 hats
[    0.4202] XInput controller 0 connected.
[    0.4206] XInput controller 0 disconnected.
