[    0.0243] Program Path: C:\Games\Emulators\PCSX2\pcsx2-qt.exe
[    0.0244] AppRoot Directory: C:\Games\Emulators\PCSX2
[    0.0244] Resources Directory: C:\Games\Emulators\PCSX2\resources
[    0.0247] DataRoot Directory: C:\Games\Emulators\PCSX2
[    0.0248] Loading config from C:\Games\Emulators\PCSX2\inis\PCSX2.ini.
[    0.0331] Loading secrets from C:\Games\Emulators\PCSX2\inis\secrets.ini.
[    0.0335] BIOS Directory: C:\Games\Emulators\PCSX2\bios
[    0.0335] Snapshots Directory: C:\Games\Emulators\PCSX2\snaps
[    0.0335] Savestates Directory: C:\Games\Emulators\PCSX2\sstates
[    0.0336] MemoryCards Directory: C:\Games\Emulators\PCSX2\memcards
[    0.0336] Logs Directory: C:\Games\Emulators\PCSX2\logs
[    0.0336] Cheats Directory: C:\Games\Emulators\PCSX2\cheats
[    0.0336] Patches Directory: C:\Games\Emulators\PCSX2\patches
[    0.0336] Covers Directory: C:\Games\Emulators\PCSX2\covers
[    0.0336] Game Settings Directory: C:\Games\Emulators\PCSX2\gamesettings
[    0.0336] Resources Directory: C:\Games\Emulators\PCSX2\resources
[    0.0337] User Resources Directory: C:\Games\Emulators\PCSX2\resources
[    0.0337] Cache Directory: C:\Games\Emulators\PCSX2\cache
[    0.0337] Textures Directory: C:\Games\Emulators\PCSX2\textures
[    0.0337] Input Profile Directory: C:\Games\Emulators\PCSX2\inputprofiles
[    0.0337] Video Dumping Directory: C:\Games\Emulators\PCSX2\videos
[    0.0337] Debugger Layouts Directory: C:\Games\Emulators\PCSX2\inis\debuggerlayouts
[    0.0337] Debugger Settings Directory: C:\Games\Emulators\PCSX2\inis\debuggersettings
[    0.0367] Loaded translation file for language en-US
[    0.0390] PCSX2 v2.7.93
[    0.0390] Savestate version: 0x9a570000
[    0.0390] 
[    0.0390] 
[    0.0390] Host Machine Init:
[    0.0391]   Operating System = Microsoft Windows 10+
[    0.0391]   Available RAM    = 11847 MB (11.57 GB)
[    0.0391]   Physical RAM     = 28450 MB (27.78 GB)
[    0.0391] 
[    0.0391]   Processor        = AMD Ryzen 7 8745HS
[    0.0392]   Core Count       = 8 cores
[    0.0392]   Thread Count     = 16 threads
[    0.0392]   Cluster Count    = 1 clusters
[    0.0406]   Power Profile    = 'Balanced'
[    0.0406]   Power States (min/max)
[    0.0406]     AC             = 0% / 100%
[    0.0406]     Battery        = 5% / 100%
[    0.0406] 
[    0.0407] CPU Extensions Detected:
[    0.0407]   AVX AVX2 AVX512F
[    0.0407] 
[    0.0407] Graphics Adapters Detected:
[    0.0499]   GPU              = AMD Radeon 780M Graphics
[    0.0500]   Driver Version   = 32.0.23033.1002
[    0.0500] 
[    0.0505]   GPU              = Microsoft Basic Render Driver
[    0.0505]   Driver Version   = 10.0.26100.8521
[    0.0505] 
[    0.0506] Allocating host memory for virtual systems...
[    0.0506] Data Memory                      @ 0x00007FF760000000 -> 0x00007FF769F00000 [159mb]
[    0.0506] Code Memory                      @ 0x00007FF769F00000 -> 0x00007FF77D000000 [305mb]
[    0.0506]   EE Main Memory                   @ 0x00007FF760000000 -> 0x00007FF768F00000 [143mb]
[    0.0506]   IOP Main Memory                  @ 0x00007FF768F00000 -> 0x00007FF769200000 [3mb]
[    0.0506]   VU0/1 On-Chip Memory             @ 0x00007FF769200000 -> 0x00007FF769300000 [1mb]
[    0.0506]   VTLB Virtual Map                 @ 0x00007FF769300000 -> 0x00007FF769B00000 [8mb]
[    0.0507]   VTLB Address Map                 @ 0x00007FF769B00000 -> 0x00007FF769F00000 [4mb]
[    0.0507]   R5900 Recompiler Cache           @ 0x00007FF769F00000 -> 0x00007FF76DF00000 [64mb]
[    0.0507]   R3000A Recompiler Cache          @ 0x00007FF76DF00000 -> 0x00007FF76FF00000 [32mb]
[    0.0507]   Micro VU0 Recompiler Cache       @ 0x00007FF770F00000 -> 0x00007FF774F00000 [64mb]
[    0.0507]   Micro VU0 Recompiler Cache       @ 0x00007FF774F00000 -> 0x00007FF778F00000 [64mb]
[    0.0507]   VIF0 Unpack Recompiler Cache     @ 0x00007FF76FF00000 -> 0x00007FF770700000 [8mb]
[    0.0507]   VIF1 Unpack Recompiler Cache     @ 0x00007FF770700000 -> 0x00007FF770F00000 [8mb]
[    0.0507]   VIF Unpack Recompiler Cache      @ 0x00007FF778F00000 -> 0x00007FF779000000 [1mb]
[    0.0507]   GS Software Renderer             @ 0x00007FF779000000 -> 0x00007FF77D000000 [64mb]
[    0.0513] Fastmem area: 000002078CAE0000 - 000002088CADFFFF
[    0.0517] Generating SSE-optimized unpacking functions for VIF interpreters...
[    0.0518] Unpack function generation complete.  Generated function statistics:
[    0.0518]   Reserved buffer    : 1048576 bytes @ 0x00007FF778F00000
[    0.0518]   x86 code generated : 7344 bytes
[    0.0518] 
[    0.0523] SDLInputSource: Using Controller DB from resources.
[    0.1403] SDLInputSource: 865 gamepad mappings are loaded.
[    0.1475] Surface refresh rate: 59.94006 hz
[    0.1895] Enumerated 1 devices
[    0.1929] Controller (Xbox One For Windows) has 16 buttons, 5 axes, 1 hats
[    0.1931] XInput controller 0 connected.
[    0.1936] XInput controller 0 disconnected.
